// Jest Snapshot v1, https://goo.gl/fbAQLP

exports[`Pruebas en NoteScreen Debe hacer match con el snapshot 1`] = `
<div
  className="notes__main-content animate__animated animate__fadeIn animate__faster"
>
  <div
    className="notes__appbar"
  >
    <span>
      May 5, 2021
    </span>
    <div>
      <input
        id="inputPicture"
        name="file"
        onChange={[Function]}
        style={
          Object {
            "display": "none",
          }
        }
        type="file"
      />
      <button
        className="btn"
        onClick={[Function]}
      >
        Picture
      </button>
      <button
        className="btn"
        onClick={[Function]}
      >
        Save
      </button>
    </div>
  </div>
  <div
    className="notes__content"
  >
    <input
      autoComplete="off"
      className="notes__title-input"
      name="title"
      onChange={[Function]}
      placeholder="some awesome title"
      type="text"
      value="testTitle"
    />
    <textarea
      className="notes__textarea"
      name="body"
      onChange={[Function]}
      placeholder="what happened today?"
      value="testBody"
    />
  </div>
  <button
    className="btn btn-danger"
    onClick={[Function]}
  >
    Delete
  </button>
</div>
`;
